5/5/2026, 17:36:41 [info]: Server running on port 5001
5/5/2026, 17:36:52 [info]: Conexión exitosa a la base de datos MySQL
5/5/2026, 17:39:29 [info]: Server running on port 5001
5/5/2026, 17:39:29 [info]: Conexión exitosa a la base de datos MySQL
5/5/2026, 17:40:22 [info]: Server running on port 5001
5/5/2026, 17:40:23 [info]: Conexión exitosa a la base de datos MySQL
5/5/2026, 17:42:03 [info]: Server running on port 5001
5/5/2026, 17:42:11 [info]: Received request for /api/guias-sin-facturar
5/5/2026, 17:42:11 [info]: Received request for /api/facturas-sin-cobrar
5/5/2026, 17:42:11 [info]: Received request for /api/obtenertipocambio
5/5/2026, 17:42:15 [info]: Conexión exitosa a la base de datos MySQL
5/5/2026, 17:42:22 [info]: Received request for /api/previewguias
5/5/2026, 17:42:22 [info]: Received request for /api/previewguiasexpo
5/5/2026, 17:42:32 [error]: ❌ Error en el proceso de cotizaciones: Error: connect ETIMEDOUT 10.0.10.16:8082
5/5/2026, 17:44:15 [info]: Received request for /api/fetchguias
5/5/2026, 17:45:08 [info]: Received request for /api/insertguiaimpo
5/5/2026, 17:45:08 [info]: Received request for /api/fetchguias
5/5/2026, 17:45:16 [info]: Received request for /api/obtenertipocambioparacomprobante
5/5/2026, 17:45:16 [info]: No hay tipo de cambio para la fecha actual
5/5/2026, 17:45:17 [info]: Received request for /api/guias-sin-facturar
5/5/2026, 17:45:17 [info]: Received request for /api/facturas-sin-cobrar
5/5/2026, 17:45:17 [info]: Received request for /api/obtenertipocambio
5/5/2026, 17:45:27 [info]: Received request for /api/obtenertipocambio
5/5/2026, 17:45:31 [info]: Received request for /api/agregartipocambio
5/5/2026, 17:45:32 [info]: Received request for /api/obtenertipocambio
5/5/2026, 17:45:34 [info]: Received request for /api/guias-sin-facturar
5/5/2026, 17:45:34 [info]: Received request for /api/facturas-sin-cobrar
5/5/2026, 17:45:34 [info]: Received request for /api/obtenertipocambio
5/5/2026, 17:45:39 [error]: ❌ Error en el proceso de cotizaciones: Error: connect ETIMEDOUT 10.0.10.16:8082
5/5/2026, 17:45:40 [info]: Received request for /api/obtenertipocambioparacomprobante
5/5/2026, 17:45:40 [info]: 40.000
5/5/2026, 17:45:47 [info]: Received request for /api/obtenerembarques
5/5/2026, 17:45:47 [info]: [object Object],[object Object],[object Object]
5/5/2026, 17:45:57 [info]: Received request for /api/insertfactura
5/5/2026, 17:45:57 [info]: {
  "IdCliente": 5458,
  "Nombre": "REPREMAR LOGISTICS S.A.",
  "RazonSocial": "REPREMAR LOGISTICS S.A.",
  "DireccionFiscal": "MISIONES 1372 OF.602",
  "CodigoGIA": "11310002",
  "Ciudad": "MONTEVIDEO",
  "Pais": "URUGUAY",
  "RutCedula": "214055710010",
  "ComprobanteElectronico": "efactura",
  "Comprobante": "",
  "Compania": "Airclass",
  "Electronico": "",
  "Moneda": "USD",
  "Fecha": "2026-05-05",
  "FechaVencimiento": "2026-05-05",
  "CASS": "false",
  "TipoEmbarque": "Impo",
  "TC": "40.00",
  "Subtotal": "66.42",
  "IVA": "2.36",
  "Redondeo": "0.00",
  "Total": "68.78",
  "TotalCobrar": "68.78",
  "DetalleFactura": [
    {
      "id": 65,
      "numero_guia": "996-13440734",
      "origen": "EZE",
      "destino": "MVD",
      "fecha_envio": "2026-05-05T03:00:00.000Z",
      "datosAdenda": [
        {
          "tipo": "C",
          "guia": "996-13440734",
          "id_concepto": 0,
          "descripcion": "Vuelo: VZ0104 05/05/2026 Import",
          "moneda": "USD",
          "importe": 0
        },
        {
          "tipo": "C",
          "guia": "996-13440734",
          "id_concepto": 0,
          "descripcion": "AWB: 996-13440734 EZE/EZE/MVD",
          "moneda": "USD",
          "importe": 0
        }
      ],
      "datosAdendaCA": [
        {
          "tipo": "C",
          "guia": "996-13440734",
          "id_concepto": 0,
          "descripcion": "Airclass",
          "moneda": "USD",
          "importe": 0
        },
        {
          "tipo": "C",
          "guia": "996-13440734",
          "id_concepto": 0,
          "descripcion": "Vuelo: VZ0104 05/05/2026  AWB: 996-13440734",
          "moneda": "USD",
          "importe": 0
        }
      ],
      "conceptos": [
        {
          "tipo": "C",
          "guia": "996-13440734",
          "id_concepto": "06",
          "descripcion": "AR - Collect Fee",
          "moneda": "USD",
          "importe": 10.74
        },
        {
          "tipo": "C",
          "guia": "996-13440734",
          "id_concepto": "01",
          "descripcion": "AR - Verificación de Carga:",
          "moneda": "USD",
          "importe": 55
        },
        {
          "tipo": "C",
          "guia": "996-13440734",
          "id_concepto": "10",
          "descripcion": "AR - Redondeo:",
          "moneda": "USD",
          "importe": "0.68"
        }
      ],
      "conceptos_cuentaajena": [
        {
          "tipo": "C",
          "guia": "996-13440734",
          "id_concepto": "07",
          "descripcion": "AR - Collect Fee ARSA",
          "moneda": "USD",
          "importe": 10.74
        },
        {
          "tipo": "C",
          "guia": "996-13440734",
          "id_concepto": "02",
          "descripcion": "AR - Verificación de Carga ARSA:",
          "moneda": "USD",
          "importe": 55
        },
        {
          "tipo": "C",
          "guia": "996-13440734",
          "id_concepto": "04",
          "descripcion": "AR - Flete Importación Aerea",
          "moneda": "USD",
          "importe": "429.40"
        },
        {
          "tipo": "C",
          "guia": "996-13440734",
          "id_concepto": "03",
          "descripcion": "AR - Iva Sobre Flete",
          "moneda": "USD",
          "importe": "2.83"
        },
        {
          "tipo": "C",
          "guia": "996-13440734",
          "id_concepto": "05",
          "descripcion": "AR - Otros Gastos Collect",
          "moneda": "USD",
          "importe": 63.9
        }
      ]
    }
  ],
  "EmbarquesSeleccionados": [
    {
      "idguia": 65,
      "nrovuelo": "16",
      "fechavuelo": "2026-05-05T03:00:00.000Z",
      "origenvuelo": "EZE",
      "guia": "996-13440734",
      "emision": "2026-05-05T03:00:00.000Z",
      "consignatario": "REPREMAR LOGISTICS S.A.",
      "origenguia": "EZE",
      "conexionguia": "EZE",
      "destinoguia": "MVD",
      "tipodepagoguia": "C",
      "mercaderia": "Carga general",
      "piezas": 1,
      "peso": 226,
      "pesovolumetrico": "226.00",
      "moneda": "USD",
      "arbitraje": "1.00000000",
      "tarifa": "1.90",
      "fleteoriginal": "429.40",
      "dcoriginal": "63.90",
      "daoriginal": "0.00",
      "flete": "429.40",
      "ivas3": "2.83",
      "duecarrier": "63.90",
      "dueagent": "0.00",
      "verificacion": "110.00",
      "collectfee": "21.47",
      "cfiva": "4.72",
      "ajuste": "0.68",
      "total": "633.00",
      "totalguia": "493.30",
      "fechaingresada": "2026-05-05T23:45:07.000Z",
      "Tipo": "IMPO",
      "facturada": 0,
      "idfactura": null,
      "idfacturacuentaajena": null,
      "notificada": 0,
      "nombreVuelo": "VZ0104",
      "empresavuelo": "Airclass",
      "fechavuelo_formateada": "05/05/2026"
    }
  ],
  "SubtotalCuentaAjena": "561.87",
  "IVACuentaAjena": "2.36",
  "TotalCuentaAjena": "564.23",
  "RedondeoCuentaAjena": "0.77",
  "TotalCobrarCuentaAjena": "564.23"
}
5/5/2026, 17:45:57 [info]: Moneda en el back:  USD
5/5/2026, 17:45:57 [info]: Tipo de comprobante desde front efactura Comprobante Convertido FCT
5/5/2026, 17:45:57 [info]: Datos recibidos en el backend: {
  "IdCliente": 5458,
  "Nombre": "REPREMAR LOGISTICS S.A.",
  "RazonSocial": "REPREMAR LOGISTICS S.A.",
  "DireccionFiscal": "MISIONES 1372 OF.602",
  "CodigoGIA": "11310002",
  "Ciudad": "MONTEVIDEO",
  "Pais": "URUGUAY",
  "RutCedula": "214055710010",
  "ComprobanteElectronico": "efactura",
  "Comprobante": "",
  "Compania": "Airclass",
  "Electronico": "",
  "Moneda": "USD",
  "Fecha": "2026-05-05",
  "FechaVencimiento": "2026-05-05",
  "CASS": "false",
  "TipoEmbarque": "Impo",
  "TC": "40.00",
  "Subtotal": "66.42",
  "IVA": "2.36",
  "Redondeo": "0.00",
  "Total": "68.78",
  "TotalCobrar": "68.78",
  "DetalleFactura": [
    {
      "id": 65,
      "numero_guia": "996-13440734",
      "origen": "EZE",
      "destino": "MVD",
      "fecha_envio": "2026-05-05T03:00:00.000Z",
      "datosAdenda": [
        {
          "tipo": "C",
          "guia": "996-13440734",
          "id_concepto": 0,
          "descripcion": "Vuelo: VZ0104 05/05/2026 Import",
          "moneda": "USD",
          "importe": 0
        },
        {
          "tipo": "C",
          "guia": "996-13440734",
          "id_concepto": 0,
          "descripcion": "AWB: 996-13440734 EZE/EZE/MVD",
          "moneda": "USD",
          "importe": 0
        }
      ],
      "datosAdendaCA": [
        {
          "tipo": "C",
          "guia": "996-13440734",
          "id_concepto": 0,
          "descripcion": "Airclass",
          "moneda": "USD",
          "importe": 0
        },
        {
          "tipo": "C",
          "guia": "996-13440734",
          "id_concepto": 0,
          "descripcion": "Vuelo: VZ0104 05/05/2026  AWB: 996-13440734",
          "moneda": "USD",
          "importe": 0
        }
      ],
      "conceptos": [
        {
          "tipo": "C",
          "guia": "996-13440734",
          "id_concepto": "06",
          "descripcion": "AR - Collect Fee",
          "moneda": "USD",
          "importe": 10.74
        },
        {
          "tipo": "C",
          "guia": "996-13440734",
          "id_concepto": "01",
          "descripcion": "AR - Verificación de Carga:",
          "moneda": "USD",
          "importe": 55
        },
        {
          "tipo": "C",
          "guia": "996-13440734",
          "id_concepto": "10",
          "descripcion": "AR - Redondeo:",
          "moneda": "USD",
          "importe": "0.68"
        }
      ],
      "conceptos_cuentaajena": [
        {
          "tipo": "C",
          "guia": "996-13440734",
          "id_concepto": "07",
          "descripcion": "AR - Collect Fee ARSA",
          "moneda": "USD",
          "importe": 10.74
        },
        {
          "tipo": "C",
          "guia": "996-13440734",
          "id_concepto": "02",
          "descripcion": "AR - Verificación de Carga ARSA:",
          "moneda": "USD",
          "importe": 55
        },
        {
          "tipo": "C",
          "guia": "996-13440734",
          "id_concepto": "04",
          "descripcion": "AR - Flete Importación Aerea",
          "moneda": "USD",
          "importe": "429.40"
        },
        {
          "tipo": "C",
          "guia": "996-13440734",
          "id_concepto": "03",
          "descripcion": "AR - Iva Sobre Flete",
          "moneda": "USD",
          "importe": "2.83"
        },
        {
          "tipo": "C",
          "guia": "996-13440734",
          "id_concepto": "05",
          "descripcion": "AR - Otros Gastos Collect",
          "moneda": "USD",
          "importe": 63.9
        }
      ]
    }
  ],
  "EmbarquesSeleccionados": [
    {
      "idguia": 65,
      "nrovuelo": "16",
      "fechavuelo": "2026-05-05T03:00:00.000Z",
      "origenvuelo": "EZE",
      "guia": "996-13440734",
      "emision": "2026-05-05T03:00:00.000Z",
      "consignatario": "REPREMAR LOGISTICS S.A.",
      "origenguia": "EZE",
      "conexionguia": "EZE",
      "destinoguia": "MVD",
      "tipodepagoguia": "C",
      "mercaderia": "Carga general",
      "piezas": 1,
      "peso": 226,
      "pesovolumetrico": "226.00",
      "moneda": "USD",
      "arbitraje": "1.00000000",
      "tarifa": "1.90",
      "fleteoriginal": "429.40",
      "dcoriginal": "63.90",
      "daoriginal": "0.00",
      "flete": "429.40",
      "ivas3": "2.83",
      "duecarrier": "63.90",
      "dueagent": "0.00",
      "verificacion": "110.00",
      "collectfee": "21.47",
      "cfiva": "4.72",
      "ajuste": "0.68",
      "total": "633.00",
      "totalguia": "493.30",
      "fechaingresada": "2026-05-05T23:45:07.000Z",
      "Tipo": "IMPO",
      "facturada": 0,
      "idfactura": null,
      "idfacturacuentaajena": null,
      "notificada": 0,
      "nombreVuelo": "VZ0104",
      "empresavuelo": "Airclass",
      "fechavuelo_formateada": "05/05/2026"
    }
  ],
  "SubtotalCuentaAjena": "561.87",
  "IVACuentaAjena": "2.36",
  "TotalCuentaAjena": "564.23",
  "RedondeoCuentaAjena": "0.77",
  "TotalCobrarCuentaAjena": "564.23"
}
5/5/2026, 17:45:57 [info]: Moneda antes de adenda:  USD
5/5/2026, 17:46:00 [info]: 🔹 [generarAdendaConConceptos] Parámetros recibidos:
5/5/2026, 17:46:00 [info]:   → numerodoc: 662
5/5/2026, 17:46:00 [info]:   → monto: 68.78
5/5/2026, 17:46:00 [info]:   → moneda: USD
5/5/2026, 17:46:00 [info]:   → detalleFactura: [object Object],[object Object]
5/5/2026, 17:46:00 [info]: ✅ [generarAdendaConConceptos] Resultado final: Vuelo: VZ0104 05/05/2026 Import | AWB: 996-13440734 EZE/EZE/MVD
5/5/2026, 17:46:00 [info]: 🔹 [generarAdendaConConceptos] Parámetros recibidos:
5/5/2026, 17:46:00 [info]:   → numerodoc: 663
5/5/2026, 17:46:00 [info]:   → monto: 564.23
5/5/2026, 17:46:00 [info]:   → moneda: USD
5/5/2026, 17:46:00 [info]:   → detalleFactura: [object Object],[object Object]
5/5/2026, 17:46:00 [info]: ✅ [generarAdendaConConceptos] Resultado final: Airclass | Vuelo: VZ0104 05/05/2026  AWB: 996-13440734
5/5/2026, 17:46:00 [info]: ESTOS SON LOS DATOS: [object Object]
5/5/2026, 17:46:00 [info]: ➡ Generando XML con generarXmlefacimpopp (Factura normal)
5/5/2026, 17:46:00 [info]: GENERANDO XML EFACTURA: [object Object]
5/5/2026, 17:46:00 [info]: XML Generado EFACTURA: <soapenv:Envelope xmlns:soapenv="http://schemas.xmlsoap.org/soap/envelope/" xmlns:soap="http://soap/">
   <soapenv:Header/>
   <soapenv:Body>
      <soap:agregarDocumentoFacturacion>
         <!--Optional:-->
         <xmlParametros>
            <![CDATA[
                <agregarDocumentoFacturacionParametros>
                <usuario>IT</usuario>
                <usuarioPassword>R3pr3m4r</usuarioPassword>
                <empresa>REP</empresa>
                <documento>
                <fechaDocumento>2026-05-05</fechaDocumento>
                <tipoDocumento>FCT</tipoDocumento>

                <cliente>11310002</cliente>
                <moneda>2</moneda>
                <fechaVencimiento>2026-05-05</fechaVencimiento>
                <descripcion>Vuelo: VZ0104 05/05/2026 Import | AWB: 996-13440734 EZE/EZE/MVD</descripcion>
                <autonumerar>S</autonumerar>
                <renglones>

                
                <renglon>
                <producto>06</producto>
                <nombreProducto>AR - Collect Fee</nombreProducto>
                <cantidad>1</cantidad>
                <precioUnitario>10.74</precioUnitario>
                </renglon>
            
                <renglon>
                <producto>01</producto>
                <nombreProducto>AR - Verificación de Carga:</nombreProducto>
                <cantidad>1</cantidad>
                <precioUnitario>55.00</precioUnitario>
                </renglon>
            
                <renglon>
                <producto>10</producto>
                <nombreProducto>AR - Redondeo:</nombreProducto>
                <cantidad>1</cantidad>
                <precioUnitario>0.68</precioUnitario>
                </renglon>
            

                </renglones>
                </documento>
                </agregarDocumentoFacturacionParametros>
            ]]>
</xmlParametros>
      </soap:agregarDocumentoFacturacion>
   </soapenv:Body>
</soapenv:Envelope>
5/5/2026, 17:46:00 [info]: ESTOS SON LOS DATOSca: [object Object]
5/5/2026, 17:46:00 [info]: GENERANDO XML EFACTURA CUENTA AJENA: [object Object]
5/5/2026, 17:46:00 [info]: XML Generado EFACTURA CUENTA AJENA: <soapenv:Envelope xmlns:soapenv="http://schemas.xmlsoap.org/soap/envelope/" xmlns:soap="http://soap/">
   <soapenv:Header/>
   <soapenv:Body>
      <soap:agregarDocumentoFacturacion>
         <!--Optional:-->
         <xmlParametros>
            <![CDATA[
                <agregarDocumentoFacturacionParametros>
                <usuario>IT</usuario>
                <usuarioPassword>R3pr3m4r</usuarioPassword>
                <empresa>REP</empresa>
                <documento>
                <fechaDocumento>2026-05-05</fechaDocumento>
                <tipoDocumento>FTA</tipoDocumento>

                <cliente>11310002</cliente>
                <moneda>2</moneda>
                <fechaVencimiento>2026-05-05</fechaVencimiento>
                <descripcion>Airclass | Vuelo: VZ0104 05/05/2026  AWB: 996-13440734</descripcion>
                <elemento1>AIRCLASS</elemento1>
                <autonumerar>S</autonumerar>
                <puntoVenta></puntoVenta>
                <renglones>

                
                <renglon>
                <producto>07</producto>
                <nombreProducto>AR - Collect Fee ARSA</nombreProducto>
                <cantidad>1</cantidad>
                <precioUnitario>10.74</precioUnitario>
                </renglon>
            
                <renglon>
                <producto>02</producto>
                <nombreProducto>AR - Verificación de Carga ARSA:</nombreProducto>
                <cantidad>1</cantidad>
                <precioUnitario>55.00</precioUnitario>
                </renglon>
            
                <renglon>
                <producto>04</producto>
                <nombreProducto>AR - Flete Importación Aerea</nombreProducto>
                <cantidad>1</cantidad>
                <precioUnitario>429.40</precioUnitario>
                </renglon>
            
                <renglon>
                <producto>03</producto>
                <nombreProducto>AR - Iva Sobre Flete</nombreProducto>
                <cantidad>1</cantidad>
                <precioUnitario>2.83</precioUnitario>
                </renglon>
            
                <renglon>
                <producto>05</producto>
                <nombreProducto>AR - Otros Gastos Collect</nombreProducto>
                <cantidad>1</cantidad>
                <precioUnitario>63.90</precioUnitario>
                </renglon>
            

                </renglones>
                </documento>
                </agregarDocumentoFacturacionParametros>
            ]]>
</xmlParametros>
      </soap:agregarDocumentoFacturacion>
   </soapenv:Body>
</soapenv:Envelope>
5/5/2026, 17:46:00 [info]: Procesando FacuturaSoap
5/5/2026, 17:46:21 [error]: Error en /api/insertfactura: Error: connect ETIMEDOUT 10.0.10.16:8082
5/5/2026, 17:46:24 [info]: Received request for /api/obtenertipocambioparacomprobante
5/5/2026, 17:46:24 [info]: 40.000
5/5/2026, 17:46:31 [info]: Received request for /api/previewfacturas
